Microchip MPLAB XC8 Compiler V2.41

Linker command line:

-W-3 --edf=/opt/microchip/xc8/v2.41/pic/dat/20230208172133_en.msgs -cn \
  -h+dist/default/production/PRACTICA_06.X.production.sym \
  --cmf=dist/default/production/PRACTICA_06.X.production.cmf -z -Q18F46K22 \
  -o/tmp/xcXofFjPe/driver_tmp_3.o --defsym=__MPLAB_BUILD=1 \
  --fixupoverflow=error \
  -Mdist/default/production/PRACTICA_06.X.production.map \
  --md=/tmp/xcXofFjPe/driver_tmp_0.dat -E1 -ver=XC8 Compiler --acfsm=1493 \
  -ACODE=00h-0FFFFh -ACONST=00h-0FFFFh -ASMALLCONST=01000h-010FFhx240 \
  -AMEDIUMCONST=01000h-0FFFFh -ACOMRAM=01h-05Fh -AABS1=00h-0F37h \
  -ABIGRAM=01h-0F37h -ARAM=060h-0FFh,0100h-01FFhx14,0F00h-0F37h \
  -ABANK0=060h-0FFh -ABANK1=0100h-01FFh -ABANK2=0200h-02FFh \
  -ABANK3=0300h-03FFh -ABANK4=0400h-04FFh -ABANK5=0500h-05FFh \
  -ABANK6=0600h-06FFh -ABANK7=0700h-07FFh -ABANK8=0800h-08FFh \
  -ABANK9=0900h-09FFh -ABANK10=0A00h-0AFFh -ABANK11=0B00h-0BFFh \
  -ABANK12=0C00h-0CFFh -ABANK13=0D00h-0DFFh -ABANK14=0E00h-0EFFh \
  -ABANK15=0F00h-0F37h -ASFR=0F38h-0F5Fh,0F60h-0FFFh -ABIGSFR=0F38h-0FFFh \
  -ACONFIG=0300000h-030000Dh -AIDLOC=0200000h-0200007h \
  -AEEDATA=0F00000h-0F003FFh -peeprom_data=EEDATA \
  -preset_vec=00h,intcode=08h,intcodelo,powerup,init -pramtop=01000h \
  -psmallconst=SMALLCONST -pmediumconst=MEDIUMCONST -pconst=CONST \
  -AFARRAM=00h-00h \
  -prdata=COMRAM,nvrram=COMRAM,nvbit=COMRAM,rbss=COMRAM,rbit=COMRAM \
  -pfarbss=FARRAM,fardata=FARRAM,nvFARRAM=FARRAM \
  -pintsave_regs=BIGRAM,bigbss=BIGRAM,bigdata=BIGRAM -pbss=RAM \
  -pidata=CODE,irdata=CODE,ibigdata=CODE,ifardata=CODE -prparam=COMRAM \
  /tmp/xcXofFjPe/driver_tmp_9.o \
  dist/default/production/PRACTICA_06.X.production.o 

Object code version is 3.11

Machine type is 18F46K22



                Name                               Link     Load   Length Selector   Space Scale
/tmp/xcXofFjPe/driver_tmp_9.o
                idloc                            200000   200000        8        0       5
                config                           300000   300000        E        0       4
                init                                142      142        4        4       0
                reset_vec                             0        0        4        0       0
dist/default/production/PRACTICA_06.X.production.o
                intcode                               8        8      13A        4       0
                idloc                            200000   200000        8        0       5
                config                           300000   300000        E        0       4
                temp                                 20       20        1        1       1
                text4                               21A      21A       D4        4       0
                text3                               392      392       A4        4       0
                text2                               146      146       D4        4       0
                text1                               2EE      2EE       A4        4       0
                text0                               470      470       32        4       0
                cstackCOMRAM                         1B       1B        5        1       1
                dataCOMRAM                            1        1        E        1       1
                bssCOMRAM                             F        F        C        1       1
                cinit                               436      436       3A        4       0
                idataCOMRAM                         4A2      4A2        E        4       0

TOTAL           Name                               Link     Load   Length     Space
        CLASS   CODE           
                intcode                               8        8      13A         0
                init                                142      142        4         0
                reset_vec                             0        0        4         0
                text4                               21A      21A       D4         0
                text3                               392      392       A4         0
                text2                               146      146       D4         0
                text1                               2EE      2EE       A4         0
                text0                               470      470       32         0
                cinit                               436      436       3A         0
                idataCOMRAM                         4A2      4A2        E         0

        CLASS   CONST          

        CLASS   SMALLCONST     

        CLASS   MEDIUMCONST    

        CLASS   COMRAM         
                temp                                 20       20        1         1
                cstackCOMRAM                         1B       1B        5         1
                dataCOMRAM                            1        1        E         1
                bssCOMRAM                             F        F        C         1

        CLASS   ABS1           

        CLASS   BIGRAM         

        CLASS   RAM            

        CLASS   BANK0          

        CLASS   BANK1          

        CLASS   BANK2          

        CLASS   BANK3          

        CLASS   BANK4          

        CLASS   BANK5          

        CLASS   BANK6          

        CLASS   BANK7          

        CLASS   BANK8          

        CLASS   BANK9          

        CLASS   BANK10         

        CLASS   BANK11         

        CLASS   BANK12         

        CLASS   BANK13         

        CLASS   BANK14         

        CLASS   BANK15         

        CLASS   SFR            

        CLASS   BIGSFR         

        CLASS   CONFIG         
                config                           300000   300000        E         4

        CLASS   IDLOC          
                idloc                            200000   200000        8         5

        CLASS   EEDATA         

        CLASS   FARRAM         

        CLASS   HEAP           

        CLASS   STACK          



SEGMENTS        Name                           Load    Length   Top    Selector   Space  Class

                reset_vec                      000000  000004  000004         0       0  CODE    
                dataCOMRAM                     000001  000020  000021         1       1  COMRAM  
                intcode                        000008  0004A8  0004B0         4       0  CODE    


UNUSED ADDRESS RANGES

        Name                Unused          Largest block    Delta
        BANK0            000060-0000FF               A0
        BANK1            000100-0001FF              100
        BANK10           000A00-000AFF              100
        BANK11           000B00-000BFF              100
        BANK12           000C00-000CFF              100
        BANK13           000D00-000DFF              100
        BANK14           000E00-000EFF              100
        BANK15           000F00-000F37               38
        BANK2            000200-0002FF              100
        BANK3            000300-0003FF              100
        BANK4            000400-0004FF              100
        BANK5            000500-0005FF              100
        BANK6            000600-0006FF              100
        BANK7            000700-0007FF              100
        BANK8            000800-0008FF              100
        BANK9            000900-0009FF              100
        BIGRAM           000021-000F37              F17
        BIGSFR           000F38-000FFF               C8
        CODE             000004-000007                4
                         0004B0-00FFFF             FB50
        COMRAM           000021-00005F               3F
        CONST            000004-000007                4
                         0004B0-00FFFF             FB50
        EEDATA           F00000-F003FF              400
        MEDIUMCONST      001000-00FFFF             F000
        RAM              000060-000F37              100
        SFR              000F38-000FFF               28
        SMALLCONST       001000-00FFFF              100

                                  Symbol Table

_ANSELB                  (abs)        000F39
_CERO                    dataCOMRAM   00000E
_CINCO                   dataCOMRAM   000009
_CUATRO                  dataCOMRAM   00000A
_D0                      dataCOMRAM   000001
_D1                      dataCOMRAM   000002
_D2                      dataCOMRAM   000003
_D3                      dataCOMRAM   000004
_DOS                     dataCOMRAM   00000C
_INTCON                  (abs)        000FF2
_INTCONbits              (abs)        000FF2
_IOCB                    (abs)        000F62
_LATC                    (abs)        000F8B
_LATD                    (abs)        000F8C
_NUEVE                   dataCOMRAM   000005
_OCHO                    dataCOMRAM   000006
_PORTB                   (abs)        000F81
_SEIS                    dataCOMRAM   000008
_SIETE                   dataCOMRAM   000007
_TRES                    dataCOMRAM   00000B
_TRISB                   (abs)        000F93
_TRISC                   (abs)        000F94
_TRISD                   (abs)        000F95
_UNO                     dataCOMRAM   00000D
__HRAM                   (abs)        000000
__H__absolute__          __absolute__ 000000
__Habs1                  abs1         000000
__Hbank0                 bank0        000000
__Hbank1                 bank1        000000
__Hbank10                bank10       000000
__Hbank11                bank11       000000
__Hbank12                bank12       000000
__Hbank13                bank13       000000
__Hbank14                bank14       000000
__Hbank15                bank15       000000
__Hbank2                 bank2        000000
__Hbank3                 bank3        000000
__Hbank4                 bank4        000000
__Hbank5                 bank5        000000
__Hbank6                 bank6        000000
__Hbank7                 bank7        000000
__Hbank8                 bank8        000000
__Hbank9                 bank9        000000
__Hbigbss                bigbss       000000
__Hbigdata               bigdata      000000
__Hbigram                bigram       000000
__Hbigsfr                bigsfr       000000
__Hbss                   bss          000000
__HbssCOMRAM             bssCOMRAM    000000
__Hcinit                 cinit        000000
__Hclrtext               clrtext      000000
__Hcomram                comram       000000
__Hconfig                config       30000E
__Hconst                 const        000000
__HcstackCOMRAM          cstackCOMRAM 000000
__Hdata                  data         000000
__HdataCOMRAM            dataCOMRAM   000000
__Heeprom_data           eeprom_data  000000
__Hfarbss                farbss       000000
__Hfardata               fardata      000000
__Hheap                  heap         000000
__Hibigdata              ibigdata     000000
__Hidata                 idata        000000
__HidataCOMRAM           idataCOMRAM  000000
__Hidloc                 idloc        200008
__Hifardata              ifardata     000000
__Hinit                  init         000146
__Hintcode               intcode      000142
__Hintcode_body          intcode_body 000000
__Hintcodelo             intcodelo    000142
__Hintentry              intentry     000000
__Hintret                intret       000000
__Hintsave_regs          intsave_regs 000000
__Hirdata                irdata       000000
__Hmediumconst           mediumconst  000000
__HnvFARRAM              nvFARRAM     000000
__Hnvbit                 nvbit        000000
__Hnvrram                nvrram       000000
__Hparam                 rparam       000000
__Hpowerup               powerup      000142
__Hram                   ram          000000
__Hramtop                ramtop       001000
__Hrbit                  rbit         000000
__Hrbss                  rbss         000000
__Hrdata                 rdata        000000
__Hreset_vec             reset_vec    000004
__Hrparam                rparam       000000
__Hsfr                   sfr          000000
__Hsmallconst            smallconst   000000
__Hspace_0               (abs)        001000
__Hspace_1               (abs)        000021
__Hspace_2               (abs)        000000
__Hspace_4               (abs)        60000E
__Hstack                 stack        000000
__Hstruct                struct       000000
__Htemp                  temp         000021
__Htext                  text         000000
__Htext0                 text0        000000
__Htext1                 text1        000000
__Htext2                 text2        000000
__Htext3                 text3        000000
__Htext4                 text4        000000
__LRAM                   (abs)        000001
__L__absolute__          __absolute__ 000000
__Labs1                  abs1         000000
__Lbank0                 bank0        000000
__Lbank1                 bank1        000000
__Lbank10                bank10       000000
__Lbank11                bank11       000000
__Lbank12                bank12       000000
__Lbank13                bank13       000000
__Lbank14                bank14       000000
__Lbank15                bank15       000000
__Lbank2                 bank2        000000
__Lbank3                 bank3        000000
__Lbank4                 bank4        000000
__Lbank5                 bank5        000000
__Lbank6                 bank6        000000
__Lbank7                 bank7        000000
__Lbank8                 bank8        000000
__Lbank9                 bank9        000000
__Lbigbss                bigbss       000000
__Lbigdata               bigdata      000000
__Lbigram                bigram       000000
__Lbigsfr                bigsfr       000000
__Lbss                   bss          000000
__LbssCOMRAM             bssCOMRAM    000000
__Lcinit                 cinit        000000
__Lclrtext               clrtext      000000
__Lcomram                comram       000000
__Lconfig                config       000000
__Lconst                 const        000000
__LcstackCOMRAM          cstackCOMRAM 000000
__Ldata                  data         000000
__LdataCOMRAM            dataCOMRAM   000000
__Leeprom_data           eeprom_data  000000
__Lfarbss                farbss       000000
__Lfardata               fardata      000000
__Lheap                  heap         000000
__Libigdata              ibigdata     000000
__Lidata                 idata        000000
__LidataCOMRAM           idataCOMRAM  000000
__Lidloc                 idloc        000000
__Lifardata              ifardata     000000
__Linit                  init         000142
__Lintcode               intcode      000008
__Lintcode_body          intcode_body 000000
__Lintcodelo             intcodelo    000142
__Lintentry              intentry     000000
__Lintret                intret       000000
__Lintsave_regs          intsave_regs 000000
__Lirdata                irdata       000000
__Lmediumconst           mediumconst  000000
__LnvFARRAM              nvFARRAM     000000
__Lnvbit                 nvbit        000000
__Lnvrram                nvrram       000000
__Lparam                 rparam       000000
__Lpowerup               powerup      000142
__Lram                   ram          000000
__Lramtop                ramtop       001000
__Lrbit                  rbit         000000
__Lrbss                  rbss         000000
__Lrdata                 rdata        000000
__Lreset_vec             reset_vec    000000
__Lrparam                rparam       000000
__Lsfr                   sfr          000000
__Lsmallconst            smallconst   000000
__Lspace_0               (abs)        000000
__Lspace_1               (abs)        000000
__Lspace_2               (abs)        000000
__Lspace_4               (abs)        000000
__Lstack                 stack        000000
__Lstruct                struct       000000
__Ltemp                  temp         000020
__Ltext                  text         000000
__Ltext0                 text0        000000
__Ltext1                 text1        000000
__Ltext2                 text2        000000
__Ltext3                 text3        000000
__Ltext4                 text4        000000
__S0                     (abs)        0004B0
__S1                     (abs)        000021
__S4                     (abs)        000000
__S5                     (abs)        000000
___heap_hi               (abs)        000000
___heap_lo               (abs)        000000
___inthi_sp              stack        000000
___intlo_sp              stack        000000
___param_bank            (abs)        000000
___rparam_used           (abs)        000001
___sp                    stack        000000
__accesstop              (abs)        000060
__activetblptr           (abs)        000002
__end_of__initialization cinit        000462
__end_of_display0        text4        0002EE
__end_of_display1        text3        000436
__end_of_display2        text2        00021A
__end_of_display3        text1        000392
__end_of_isr_general     intcode      000142
__end_of_main            text0        0004A2
__initialization         cinit        000436
__mediumconst            mediumconst  000000
__pbssCOMRAM             bssCOMRAM    00000F
__pcinit                 cinit        000436
__pcstackCOMRAM          cstackCOMRAM 00001B
__pdataCOMRAM            dataCOMRAM   000001
__pidataCOMRAM           idataCOMRAM  0004A2
__pintcode               intcode      000008
__ptext0                 text0        000470
__ptext1                 text1        0002EE
__ptext2                 text2        000146
__ptext3                 text3        000392
__ptext4                 text4        00021A
__ramtop                 ramtop       001000
__smallconst             smallconst   000000
_anterior                bssCOMRAM    00001A
_cambios                 bssCOMRAM    000019
_dato                    bssCOMRAM    000017
_display0                text4        00021A
_display1                text3        000392
_display2                text2        000146
_display3                text1        0002EE
_isr_general             intcode      000008
_main                    text0        000470
_n0                      bssCOMRAM    000015
_n1                      bssCOMRAM    000013
_n2                      bssCOMRAM    000011
_n3                      bssCOMRAM    00000F
btemp                    temp         000020
end_of_initialization    cinit        000462
int$flags                temp         000020
intlevel0                text         000000
intlevel1                text         000000
intlevel2                text         000000
intlevel3                text         000000
isa$std                  (abs)        000001
isa$xinst                (abs)        000000
isr_general@actual       cstackCOMRAM 00001D
stackhi                  (abs)        000000
stacklo                  (abs)        000000
start                    init         000142
start_initialization     cinit        000436
ttemp5                   temp         000021
ttemp6                   temp         000024
ttemp7                   temp         000028
wtemp8                   temp         000021


MODULE INFORMATION

Module		Function		Class		Link	Load	Size
shared
		__initialization		CODE           	0436	0000	44

shared estimated size: 44

InterrupcionM.c
		_display0      		CODE           	021A	0000	212
		_display1      		CODE           	0392	0000	164
		_display2      		CODE           	0146	0000	212
		_display3      		CODE           	02EE	0000	164
		_main          		CODE           	0470	0000	50
		_isr_general   		CODE           	0008	0000	314

InterrupcionM.c estimated size: 1116

