Microchip MPLAB XC8 Compiler V2.46

Linker command line:

-W-3 \
  --edf=C:\Program Files\Microchip\xc8\v2.46\pic\dat\20240104201356_en.msgs \
  -cn -h+dist/default/production\PRACTICA_09.X.production.sym \
  --cmf=dist/default/production\PRACTICA_09.X.production.cmf -z -Q18F46K22 \
  -oC:\Users\ulise\AppData\Local\Temp\xcAslv8.\driver_tmp_3.o \
  --defsym=__MPLAB_BUILD=1 --fixupoverflow=error \
  -Mdist/default/production/PRACTICA_09.X.production.map \
  --md=C:\Users\ulise\AppData\Local\Temp\xcAslv8.\driver_tmp_0.dat -E1 \
  -ver=XC8 Compiler --acfsm=1493 -ACODE=00h-0FFFFh -ACONST=00h-0FFFFh \
  -ASMALLCONST=01000h-010FFhx240 -AMEDIUMCONST=01000h-0FFFFh \
  -ACOMRAM=01h-05Fh -AABS1=00h-0F37h -ABIGRAM=01h-0F37h \
  -ARAM=060h-0FFh,0100h-01FFhx14,0F00h-0F37h -ABANK0=060h-0FFh \
  -ABANK1=0100h-01FFh -ABANK2=0200h-02FFh -ABANK3=0300h-03FFh \
  -ABANK4=0400h-04FFh -ABANK5=0500h-05FFh -ABANK6=0600h-06FFh \
  -ABANK7=0700h-07FFh -ABANK8=0800h-08FFh -ABANK9=0900h-09FFh \
  -ABANK10=0A00h-0AFFh -ABANK11=0B00h-0BFFh -ABANK12=0C00h-0CFFh \
  -ABANK13=0D00h-0DFFh -ABANK14=0E00h-0EFFh -ABANK15=0F00h-0F37h \
  -ASFR=0F38h-0F5Fh,0F60h-0FFFh -ABIGSFR=0F38h-0FFFh \
  -ACONFIG=0300000h-030000Dh -AIDLOC=0200000h-0200007h \
  -AEEDATA=0F00000h-0F003FFh -peeprom_data=EEDATA \
  -preset_vec=00h,intcode=8h,intcodelo,powerup,init -pramtop=01000h \
  -psmallconst=SMALLCONST -pmediumconst=MEDIUMCONST -pconst=CONST \
  -AFARRAM=00h-00h \
  -prdata=COMRAM,nvrram=COMRAM,nvbit=COMRAM,rbss=COMRAM,rbit=COMRAM \
  -pfarbss=FARRAM,fardata=FARRAM,nvFARRAM=FARRAM \
  -pintsave_regs=BIGRAM,bigbss=BIGRAM,bigdata=BIGRAM -pbss=RAM \
  -pidata=CODE,irdata=CODE,ibigdata=CODE,ifardata=CODE -prparam=COMRAM \
  C:\Users\ulise\AppData\Local\Temp\xcAslv8.\driver_tmp_9.o \
  dist/default/production\PRACTICA_09.X.production.o 

Object code version is 3.11

Machine type is 18F46K22



                Name                               Link     Load   Length Selector   Space Scale
C:\Users\ulise\AppData\Local\Temp\xcAslv8.\driver_tmp_9.o
                idloc                            200000   200000        8        0       5
                config                           300000   300000        E        0       4
                init                                10C      10C        4        4       0
                reset_vec                             0        0        4        0       0
dist/default/production\PRACTICA_09.X.production.o
                intcode                               8        8      104        4       0
                idloc                            200000   200000        8        0       5
                config                           300000   300000        E        0       4
                temp                                  C        C        1        1       1
                smallconst                         1000     1000        2      800       0
                text6                              10A6     10A6       A4      801       0
                text5                              11E6     11E6       14      801       0
                text3                              1002     1002       A4      801       0
                text2                              11D2     11D2       14      801       0
                text1                              114A     114A       68      801       0
                text0                              11FA     11FA        C      801       0
                cstackCOMRAM                          1        1        A        1       1
                dataCOMRAM                            B        B        1        1       1
                cinit                              11B2     11B2       20      801       0
                idataCOMRAM                        1206     1206        1      801       0

TOTAL           Name                               Link     Load   Length     Space
        CLASS   CODE           
                intcode                               8        8      104         0
                init                                10C      10C        4         0
                reset_vec                             0        0        4         0
                text6                              10A6     10A6       A4         0
                text5                              11E6     11E6       14         0
                text3                              1002     1002       A4         0
                text2                              11D2     11D2       14         0
                text1                              114A     114A       68         0
                text0                              11FA     11FA        C         0
                cinit                              11B2     11B2       20         0
                idataCOMRAM                        1206     1206        1         0

        CLASS   CONST          

        CLASS   SMALLCONST     
                smallconst                         1000     1000        2         0

        CLASS   MEDIUMCONST    

        CLASS   COMRAM         
                temp                                  C        C        1         1
                cstackCOMRAM                          1        1        A         1
                dataCOMRAM                            B        B        1         1

        CLASS   ABS1           

        CLASS   BIGRAM         

        CLASS   RAM            

        CLASS   BANK0          

        CLASS   BANK1          

        CLASS   BANK2          

        CLASS   BANK3          

        CLASS   BANK4          

        CLASS   BANK5          

        CLASS   BANK6          

        CLASS   BANK7          

        CLASS   BANK8          

        CLASS   BANK9          

        CLASS   BANK10         

        CLASS   BANK11         

        CLASS   BANK12         

        CLASS   BANK13         

        CLASS   BANK14         

        CLASS   BANK15         

        CLASS   SFR            

        CLASS   BIGSFR         

        CLASS   CONFIG         
                config                           300000   300000        E         4

        CLASS   IDLOC          
                idloc                            200000   200000        8         5

        CLASS   EEDATA         

        CLASS   FARRAM         

        CLASS   HEAP           

        CLASS   STACK          



SEGMENTS        Name                           Load    Length   Top    Selector   Space  Class

                reset_vec                      000000  000004  000004         0       0  CODE    
                cstackCOMRAM                   000001  00000C  00000D         1       1  COMRAM  
                intcode                        000008  000108  000110         4       0  CODE    
                smallconst                     001000  000002  001002       800       0  SMALLCON
                text3                          001002  000205  001207       801       0  CODE    


UNUSED ADDRESS RANGES

        Name                Unused          Largest block    Delta
        BANK0            000060-0000FF               A0
        BANK1            000100-0001FF              100
        BANK10           000A00-000AFF              100
        BANK11           000B00-000BFF              100
        BANK12           000C00-000CFF              100
        BANK13           000D00-000DFF              100
        BANK14           000E00-000EFF              100
        BANK15           000F00-000F37               38
        BANK2            000200-0002FF              100
        BANK3            000300-0003FF              100
        BANK4            000400-0004FF              100
        BANK5            000500-0005FF              100
        BANK6            000600-0006FF              100
        BANK7            000700-0007FF              100
        BANK8            000800-0008FF              100
        BANK9            000900-0009FF              100
        BIGRAM           00000D-000F37              F2B
        BIGSFR           000F38-000FFF               C8
        CODE             000004-000007                4
                         000110-000FFF              EF0
                         001207-00FFFF             EDF9
        COMRAM           00000D-00005F               53
        CONST            000004-000007                4
                         000110-000FFF              EF0
                         001207-00FFFF             EDF9
        EEDATA           F00000-F003FF              400
        MEDIUMCONST      001207-00FFFF             EDF9
        RAM              000060-000F37              100
        SFR              000F38-000FFF               28
        SMALLCONST       001207-00FFFF              100

                                  Symbol Table

_ANSELB                  (abs)        000F39
_ANSELD                  (abs)        000F3B
_INTCONbits              (abs)        000FF2
_LATDbits                (abs)        000F8C
_PORTB                   (abs)        000F81
_TRISB                   (abs)        000F93
_TRISD                   (abs)        000F95
__HRAM                   (abs)        000000
__H__absolute__          __absolute__ 000000
__Habs1                  abs1         000000
__Hbank0                 bank0        000000
__Hbank1                 bank1        000000
__Hbank10                bank10       000000
__Hbank11                bank11       000000
__Hbank12                bank12       000000
__Hbank13                bank13       000000
__Hbank14                bank14       000000
__Hbank15                bank15       000000
__Hbank2                 bank2        000000
__Hbank3                 bank3        000000
__Hbank4                 bank4        000000
__Hbank5                 bank5        000000
__Hbank6                 bank6        000000
__Hbank7                 bank7        000000
__Hbank8                 bank8        000000
__Hbank9                 bank9        000000
__Hbigbss                bigbss       000000
__Hbigdata               bigdata      000000
__Hbigram                bigram       000000
__Hbigsfr                bigsfr       000000
__Hbss                   bss          000000
__Hcinit                 cinit        000000
__Hclrtext               clrtext      000000
__Hcomram                comram       000000
__Hconfig                config       30000E
__Hconst                 const        000000
__HcstackCOMRAM          cstackCOMRAM 000000
__Hdata                  data         000000
__HdataCOMRAM            dataCOMRAM   000000
__Heeprom_data           eeprom_data  000000
__Hfarbss                farbss       000000
__Hfardata               fardata      000000
__Hheap                  heap         000000
__Hibigdata              ibigdata     000000
__Hidata                 idata        000000
__HidataCOMRAM           idataCOMRAM  000000
__Hidloc                 idloc        200008
__Hifardata              ifardata     000000
__Hinit                  init         000110
__Hintcode               intcode      00010C
__Hintcode_body          intcode_body 000000
__Hintcodelo             intcodelo    00010C
__Hintentry              intentry     000000
__Hintret                intret       000000
__Hintsave_regs          intsave_regs 000000
__Hirdata                irdata       000000
__Hmediumconst           mediumconst  000000
__HnvFARRAM              nvFARRAM     000000
__Hnvbit                 nvbit        000000
__Hnvrram                nvrram       000000
__Hparam                 rparam       000000
__Hpowerup               powerup      00010C
__Hram                   ram          000000
__Hramtop                ramtop       001000
__Hrbit                  rbit         000000
__Hrbss                  rbss         000000
__Hrdata                 rdata        000000
__Hreset_vec             reset_vec    000004
__Hrparam                rparam       000000
__Hsfr                   sfr          000000
__Hsivt_hi               sivt_hi      000000
__Hsivt_lo               sivt_lo      000000
__Hsmallconst            smallconst   001002
__Hspace_0               (abs)        001207
__Hspace_1               (abs)        00000D
__Hspace_2               (abs)        000000
__Hspace_4               (abs)        60000E
__Hstack                 stack        000000
__Hstruct                struct       000000
__Htemp                  temp         00000D
__Htext                  text         000000
__Htext0                 text0        000000
__Htext1                 text1        000000
__Htext2                 text2        000000
__Htext3                 text3        000000
__Htext5                 text5        000000
__Htext6                 text6        000000
__LRAM                   (abs)        000001
__L__absolute__          __absolute__ 000000
__Labs1                  abs1         000000
__Lbank0                 bank0        000000
__Lbank1                 bank1        000000
__Lbank10                bank10       000000
__Lbank11                bank11       000000
__Lbank12                bank12       000000
__Lbank13                bank13       000000
__Lbank14                bank14       000000
__Lbank15                bank15       000000
__Lbank2                 bank2        000000
__Lbank3                 bank3        000000
__Lbank4                 bank4        000000
__Lbank5                 bank5        000000
__Lbank6                 bank6        000000
__Lbank7                 bank7        000000
__Lbank8                 bank8        000000
__Lbank9                 bank9        000000
__Lbigbss                bigbss       000000
__Lbigdata               bigdata      000000
__Lbigram                bigram       000000
__Lbigsfr                bigsfr       000000
__Lbss                   bss          000000
__Lcinit                 cinit        000000
__Lclrtext               clrtext      000000
__Lcomram                comram       000000
__Lconfig                config       000000
__Lconst                 const        000000
__LcstackCOMRAM          cstackCOMRAM 000000
__Ldata                  data         000000
__LdataCOMRAM            dataCOMRAM   000000
__Leeprom_data           eeprom_data  000000
__Lfarbss                farbss       000000
__Lfardata               fardata      000000
__Lheap                  heap         000000
__Libigdata              ibigdata     000000
__Lidata                 idata        000000
__LidataCOMRAM           idataCOMRAM  000000
__Lidloc                 idloc        000000
__Lifardata              ifardata     000000
__Linit                  init         00010C
__Lintcode               intcode      000008
__Lintcode_body          intcode_body 000000
__Lintcodelo             intcodelo    00010C
__Lintentry              intentry     000000
__Lintret                intret       000000
__Lintsave_regs          intsave_regs 000000
__Lirdata                irdata       000000
__Lmediumconst           mediumconst  000000
__LnvFARRAM              nvFARRAM     000000
__Lnvbit                 nvbit        000000
__Lnvrram                nvrram       000000
__Lparam                 rparam       000000
__Lpowerup               powerup      00010C
__Lram                   ram          000000
__Lramtop                ramtop       001000
__Lrbit                  rbit         000000
__Lrbss                  rbss         000000
__Lrdata                 rdata        000000
__Lreset_vec             reset_vec    000000
__Lrparam                rparam       000000
__Lsfr                   sfr          000000
__Lsivt_hi               sivt_hi      000000
__Lsivt_lo               sivt_lo      000000
__Lsmallconst            smallconst   001000
__Lspace_0               (abs)        000000
__Lspace_1               (abs)        000000
__Lspace_2               (abs)        000000
__Lspace_4               (abs)        000000
__Lstack                 stack        000000
__Lstruct                struct       000000
__Ltemp                  temp         00000C
__Ltext                  text         000000
__Ltext0                 text0        000000
__Ltext1                 text1        000000
__Ltext2                 text2        000000
__Ltext3                 text3        000000
__Ltext5                 text5        000000
__Ltext6                 text6        000000
__S0                     (abs)        001207
__S1                     (abs)        00000D
__S4                     (abs)        000000
__S5                     (abs)        000000
___heap_hi               (abs)        000000
___heap_lo               (abs)        000000
___inthi_sp              stack        000000
___inthi_stack_hi        stack        000000
___inthi_stack_lo        stack        000000
___intlo_sp              stack        000000
___intlo_stack_hi        stack        000000
___intlo_stack_lo        stack        000000
___param_bank            (abs)        000000
___rparam_used           (abs)        000001
___sp                    stack        000000
___stack_hi              stack        000000
___stack_lo              stack        000000
__accesstop              (abs)        000060
__activetblptr           (abs)        000002
__end_of__initialization cinit        0011C4
__end_of_enviarByte      text2        0011E6
__end_of_enviarNibble    text3        0010A6
__end_of_isr_general     intcode      00010C
__end_of_main            text0        001206
__end_of_setup           text1        0011B2
__end_ofi2_enviarByte    text5        0011FA
__end_ofi2_enviarNibble  text6        00114A
__initialization         cinit        0011B2
__mediumconst            mediumconst  000000
__pcinit                 cinit        0011B2
__pcstackCOMRAM          cstackCOMRAM 000001
__pdataCOMRAM            dataCOMRAM   00000B
__pidataCOMRAM           idataCOMRAM  001206
__pintcode               intcode      000008
__psmallconst            smallconst   001000
__ptext0                 text0        0011FA
__ptext1                 text1        00114A
__ptext2                 text2        0011D2
__ptext3                 text3        001002
__ptext5                 text5        0011E6
__ptext6                 text6        0010A6
__ramtop                 ramtop       001000
__smallconst             smallconst   001000
_enviarByte              text2        0011D2
_enviarNibble            text3        001002
_isr_general             intcode      000008
_linea                   dataCOMRAM   00000B
_main                    text0        0011FA
_setup                   text1        00114A
btemp                    temp         00000C
end_of_initialization    cinit        0011C4
enviarByte@dato          cstackCOMRAM 000009
enviarNibble@dato        cstackCOMRAM 000008
i2_enviarByte            text5        0011E6
i2_enviarNibble          text6        0010A6
i2enviarByte@dato        cstackCOMRAM 000004
i2enviarNibble@dato      cstackCOMRAM 000003
int$flags                temp         00000C
intlevel0                text         000000
intlevel1                text         000000
intlevel2                text         000000
intlevel3                text         000000
isa$std                  (abs)        000001
isa$xinst                (abs)        000000
isr_general@dato         cstackCOMRAM 000005
stackhi                  (abs)        000000
stacklo                  (abs)        000000
start                    init         00010C
start_initialization     cinit        0011B2
ttemp5                   temp         00000D
ttemp6                   temp         000010
ttemp7                   temp         000014
wtemp8                   temp         00000D


MODULE INFORMATION

Module		Function		Class		Link	Load	Size
teclado.c
		_enviarNibble  		CODE           	1002	0000	164
		_main          		CODE           	11FA	0000	12
		_setup         		CODE           	114A	0000	104
		_isr_general   		CODE           	0008	0000	260
		_enviarByte    		CODE           	11D2	0000	20

teclado.c estimated size: 560

shared
		__initialization		CODE           	11B2	0000	18
		i2_enviarByte  		CODE           	11E6	0000	20
		i2_enviarNibble		CODE           	10A6	0000	164

shared estimated size: 202

